<html>
<body>
<pre>
<h1>µVision Build Log</h1>
<h2>Tool Versions:</h2>
IDE-Version: ¦ÌVision V5.25.3.0
Copyright (C) 2018 ARM Ltd and ARM Germany GmbH. All rights reserved.
License Information: 1 WANGCHUN, 1, LIC=CRMLQ-NPJT4-YB7E9-400GF-1FV82-NDILH
 
Tool Versions:
Toolchain:       MDK-ARM Professional  Version: 5.14.0.0
Toolchain Path:  C:\Keil_v5\ARM\ARMCC\Bin
C Compiler:      Armcc.exe V5.05 update 1 (build 106)
Assembler:       Armasm.exe V5.05 update 1 (build 106)
Linker/Locator:  ArmLink.exe V5.05 update 1 (build 106)
Library Manager: ArmAr.exe V5.05 update 1 (build 106)
Hex Converter:   FromElf.exe V5.05 update 1 (build 106)
CPU DLL:         SARMCM3.DLL V5.14.0.0
Dialog DLL:      DCM.DLL V1.13.1.0
Target DLL:      Segger\JL2CM3.dll V2.99.13.0
Dialog DLL:      TCM.DLL V1.14.4.0
 
<h2>Project:</h2>
F:\handsetafteryear\handhourhandset\mcu\Bootloader_HandsetV2.2\Project\uart_update.uvprojx
Project File Date:  06/03/2019

<h2>Output:</h2>
*** Using Compiler 'V5.05 update 1 (build 106)', folder: 'C:\Keil_v5\ARM\ARMCC\Bin'
Build target 'Target 1'
compiling flash_download.c...
..\User_Code\Flash_Download\flash_download.c(86): warning:  #177-D: variable "Number" was declared but never referenced
  	uint8_t Number[10] = "          ";
..\User_Code\Flash_Download\flash_download.c(87): warning:  #177-D: variable "Number1" was declared but never referenced
  	uint8_t Number1[10] = "          ";
..\User_Code\Flash_Download\flash_download.c(89): warning:  #177-D: variable "code_name" was declared but never referenced
  	uint8_t  code_name[20] = { 0 };
..\User_Code\Flash_Download\flash_download.c: 3 warnings, 0 errors
linking...
Program Size: Code=3724 RO-data=460 RW-data=12 ZI-data=25876  
".\Objects\uart_update.axf" - 0 Error(s), 3 Warning(s).

<h2>Software Packages used:</h2>

Package Vendor: Keil
                http://www.keil.com/pack/Keil.STM32F4xx_DFP.2.2.0.pack
                Keil.STM32F4xx_DFP.2.2.0
                STMicroelectronics STM32F4 Series Device Support, Drivers and Examples

<h2>Collection of Component include folders:</h2>
  .\RTE\_Target_1
  C:\Keil_v5\ARM\PACK\Keil\STM32F4xx_DFP\2.2.0\Drivers\CMSIS\Device\ST\STM32F4xx\Include

<h2>Collection of Component Files used:</h2>
Build Time Elapsed:  00:00:06
</pre>
</body>
</html>
